[INFO] [11:32:22.406] ****************************************************************************************
[INFO] [11:32:22.407] ****************************************************************************************
[INFO] [11:32:22.407] $$$$$$$$$$$$$$$$$$   S-T-A-R-T T-E-S-T Method      $$$$$$$$$$$$$$$$$$$$$$$$$
[INFO] [11:32:22.407] ****************************************************************************************
[INFO] [11:32:22.407] ****************************************************************************************
[INFO] [11:52:54.637] ****************************************************************************************
[INFO] [11:52:54.638] ****************************************************************************************
[INFO] [11:52:54.638] $$$$$$$$$$$$$$$$$$   S-T-A-R-T T-E-S-T Method      $$$$$$$$$$$$$$$$$$$$$$$$$
[INFO] [11:52:54.639] ****************************************************************************************
[INFO] [11:52:54.639] ****************************************************************************************
[INFO] [11:55:44.954] ****************************************************************************************
[INFO] [11:55:44.957] ****************************************************************************************
[INFO] [11:55:44.957] $$$$$$$$$$$$$$$$$$   S-T-A-R-T T-E-S-T Method      $$$$$$$$$$$$$$$$$$$$$$$$$
[INFO] [11:55:44.957] ****************************************************************************************
[INFO] [11:55:44.957] ****************************************************************************************
[ERROR] [11:55:45.066] Khong tim thay
[INFO] [16:17:34.431] ****************************************************************************************
[INFO] [16:17:34.433] ****************************************************************************************
[INFO] [16:17:34.433] $$$$$$$$$$$$$$$$$$   S-T-A-R-T T-E-S-T java.lang.reflect.Method      $$$$$$$$$$$$$$$$$$$$$$$$$
[INFO] [16:17:34.433] ****************************************************************************************
[INFO] [16:17:34.433] ****************************************************************************************
[ERROR] [16:17:34.547] Khong tim thay
[INFO] [16:32:41.894] ****************************************************************************************
[INFO] [16:32:41.895] ****************************************************************************************
[INFO] [16:32:41.895] $$$$$$$$$$$$$$$$$$   S-T-A-R-T T-E-S-T test_Login_Page_Loaded_With_Correct_Header      $$$$$$$$$$$$$$$$$$$$$$$$$
[INFO] [16:32:41.895] ****************************************************************************************
[INFO] [16:32:41.895] ****************************************************************************************
[INFO] [16:34:00.272] ****************************************************************************************
[INFO] [16:34:00.273] ****************************************************************************************
[INFO] [16:34:00.273] $$$$$$$$$$$$$$$$$$   S-T-A-R-T T-E-S-T test_Login_Page_Loaded_With_Correct_Header      $$$$$$$$$$$$$$$$$$$$$$$$$
[INFO] [16:34:00.273] ****************************************************************************************
[INFO] [16:34:00.273] ****************************************************************************************
[INFO] [16:58:35.250] ****************************************************************************************
[INFO] [16:58:35.251] ****************************************************************************************
[INFO] [16:58:35.252] $$$$$$$$$$$$$$$$$$   S-T-A-R-T T-E-S-T test_Login_Page_Loaded_With_Correct_Header      $$$$$$$$$$$$$$$$$$$$$$$$$
[INFO] [16:58:35.253] ****************************************************************************************
[INFO] [16:58:35.254] ****************************************************************************************
[INFO] [17:03:17.587] ****************************************************************************************
[INFO] [17:03:17.590] ****************************************************************************************
[INFO] [17:03:17.591] $$$$$$$$$$$$$$$$$$   S-T-A-R-T T-E-S-T test_Login_Page_Loaded_With_Correct_Header      $$$$$$$$$$$$$$$$$$$$$$$$$
[INFO] [17:03:17.591] ****************************************************************************************
[INFO] [17:03:17.591] ****************************************************************************************
[INFO] [17:20:14.842] ****************************************************************************************
[INFO] [17:20:14.843] ****************************************************************************************
[INFO] [17:20:14.844] $$$$$$$$$$$$$$$$$$   S-T-A-R-T T-E-S-T test_Login_Page_Loaded_With_Correct_Header      $$$$$$$$$$$$$$$$$$$$$$$$$
[INFO] [17:20:14.845] ****************************************************************************************
[INFO] [17:20:14.845] ****************************************************************************************
[ERROR] [17:20:14.964] Incorrect text displays on Submit button
[INFO] [17:24:44.791] ****************************************************************************************
[INFO] [17:24:44.792] ****************************************************************************************
[INFO] [17:24:44.792] $$$$$$$$$$$$$$$$$$   S-T-A-R-T T-E-S-T test_Login_Page_Loaded_With_Correct_Header      $$$$$$$$$$$$$$$$$$$$$$$$$
[INFO] [17:24:44.792] ****************************************************************************************
[INFO] [17:24:44.792] ****************************************************************************************
[ERROR] [17:24:44.978] Incorrect text displays on Submit button
[INFO] [17:27:23.107] ****************************************************************************************
[INFO] [17:27:23.108] ****************************************************************************************
[INFO] [17:27:23.109] $$$$$$$$$$$$$$$$$$   S-T-A-R-T T-E-S-T test_Login_Page_Loaded_With_Correct_Header      $$$$$$$$$$$$$$$$$$$$$$$$$
[INFO] [17:27:23.109] ****************************************************************************************
[INFO] [17:27:23.109] ****************************************************************************************
[ERROR] [17:27:23.210] Incorrect text displays on Submit button
[INFO] [17:30:59.454] ****************************************************************************************
[INFO] [17:30:59.455] ****************************************************************************************
[INFO] [17:30:59.455] $$$$$$$$$$$$$$$$$$   S-T-A-R-T T-E-S-T test_Login_Page_Loaded_With_Correct_Header      $$$$$$$$$$$$$$$$$$$$$$$$$
[INFO] [17:30:59.455] ****************************************************************************************
[INFO] [17:30:59.456] ****************************************************************************************
[ERROR] [17:30:59.622] Incorrect text displays on Submit button
[INFO] [17:32:09.496] ****************************************************************************************
[INFO] [17:32:09.497] ****************************************************************************************
[INFO] [17:32:09.498] $$$$$$$$$$$$$$$$$$   S-T-A-R-T T-E-S-T test_Login_Page_Loaded_With_Correct_Header      $$$$$$$$$$$$$$$$$$$$$$$$$
[INFO] [17:32:09.498] ****************************************************************************************
[INFO] [17:32:09.498] ****************************************************************************************
[ERROR] [17:32:09.635] Incorrect text displays on Submit button
[INFO] [17:32:46.879] ****************************************************************************************
[INFO] [17:32:46.880] ****************************************************************************************
[INFO] [17:32:46.880] $$$$$$$$$$$$$$$$$$   S-T-A-R-T T-E-S-T test_Login_Page_Loaded_With_Correct_Header      $$$$$$$$$$$$$$$$$$$$$$$$$
[INFO] [17:32:46.880] ****************************************************************************************
[INFO] [17:32:46.881] ****************************************************************************************
[ERROR] [17:33:27.718] Incorrect text displays on Submit button
[INFO] [17:48:17.589] ****************************************************************************************
[INFO] [17:48:17.590] ****************************************************************************************
[INFO] [17:48:17.590] $$$$$$$$$$$$$$$$$$   S-T-A-R-T T-E-S-T test_Login_Page_Loaded_With_Correct_Header      $$$$$$$$$$$$$$$$$$$$$$$$$
[INFO] [17:48:17.591] ****************************************************************************************
[INFO] [17:48:17.592] ****************************************************************************************
[ERROR] [17:48:17.709] Incorrect text displays on Submit button
[INFO] [17:50:49.400] ****************************************************************************************
[INFO] [17:50:49.402] ****************************************************************************************
[INFO] [17:50:49.402] $$$$$$$$$$$$$$$$$$   S-T-A-R-T T-E-S-T test_Login_Page_Loaded_With_Correct_Header      $$$$$$$$$$$$$$$$$$$$$$$$$
[INFO] [17:50:49.403] ****************************************************************************************
[INFO] [17:50:49.403] ****************************************************************************************
[ERROR] [17:50:49.542] Incorrect text displays on Submit button
[INFO] [17:56:54.738] ****************************************************************************************
[INFO] [17:56:54.740] ****************************************************************************************
[INFO] [17:56:54.740] $$$$$$$$$$$$$$$$$$   S-T-A-R-T T-E-S-T test_Login_Page_Loaded_With_Correct_Header      $$$$$$$$$$$$$$$$$$$$$$$$$
[INFO] [17:56:54.740] ****************************************************************************************
[INFO] [17:56:54.740] ****************************************************************************************
[INFO] [20:42:40.602] SdfasdfSADFirst Name *
[ERROR] [20:45:57.090] Incorrect header message displays
[ERROR] [20:47:02.839] Incorrect header message displays
[ERROR] [20:50:26.540] Incorrect header message displays
[ERROR] [20:52:16.550] Incorrect header message displays
[ERROR] [21:17:17.114] The element did not exist or Text displays incorrect!
[ERROR] [21:17:27.156] The Last name element did not exist or Text displays incorrect!
[ERROR] [21:17:37.204] The Email Address element did not exist or Text displays incorrect!
[ERROR] [21:19:29.873] The element did not exist or Text displays incorrect!
[ERROR] [21:19:39.969] The Last name element did not exist or Text displays incorrect!
[ERROR] [21:19:50.056] The Email Address element did not exist or Text displays incorrect!
[ERROR] [21:24:43.888] The element did not exist or Text displays incorrect!
[ERROR] [21:24:53.943] The Last name element did not exist or Text displays incorrect!
[ERROR] [21:25:03.995] The Email Address element did not exist or Text displays incorrect!
[ERROR] [21:31:29.671] The element did not exist or Text displays incorrect!
[ERROR] [21:31:39.752] The Last name element did not exist or Text displays incorrect!
[ERROR] [21:41:32.303] The Date of Demo element did not exist or Text displays incorrect!
[ERROR] [21:42:28.595] The Date of Demo element did not exist or Text displays incorrect!
[ERROR] [21:43:09.940] The Date of Demo element did not exist or Text displays incorrect!
[ERROR] [21:51:57.607] The Date of Demo element did not exist or Text displays incorrect!
[ERROR] [21:55:13.249] The Last name element did not exist or Text displays incorrect!
[ERROR] [21:55:18.311] The Date of Demo element did not exist or Text displays incorrect!
[ERROR] [21:58:09.683] The Last name element did not exist or Text displays incorrect!
[ERROR] [21:58:14.758] The Date of Demo element did not exist or Text displays incorrect!
[ERROR] [22:00:57.578] The Date of Demo element did not exist or Text displays incorrect!
[ERROR] [22:02:43.016] The Date of Demo element did not exist or Text displays incorrect!
[ERROR] [22:32:29.552] The number of item in State does not match! Expected is 51 items
[INFO] [09:56:16.840] ****************************************************************************************
[INFO] [09:56:16.841] ****************************************************************************************
[INFO] [09:56:16.842] $$$$$$$$$$$$$$$$$$   S-T-A-R-T T-E-S-T test_Check_Items_FirstName_Required      $$$$$$$$$$$$$$$$$$$$$$$$$
[INFO] [09:56:16.842] ****************************************************************************************
[INFO] [09:56:16.842] ****************************************************************************************
[INFO] [09:56:16.939] ****************************************************************************************
[INFO] [09:56:16.939] ****************************************************************************************
[INFO] [09:56:16.939] $$$$$$$$$$$$$$$$$$   S-T-A-R-T T-E-S-T test_Check_Items_LastName_Required      $$$$$$$$$$$$$$$$$$$$$$$$$
[INFO] [09:56:16.939] ****************************************************************************************
[INFO] [09:56:16.939] ****************************************************************************************
[INFO] [09:56:17.014] ****************************************************************************************
[INFO] [09:56:17.015] ****************************************************************************************
[INFO] [09:56:17.015] $$$$$$$$$$$$$$$$$$   S-T-A-R-T T-E-S-T test_Check_Items_StreetAddress_Required      $$$$$$$$$$$$$$$$$$$$$$$$$
[INFO] [09:56:17.015] ****************************************************************************************
[INFO] [09:56:17.015] ****************************************************************************************
[INFO] [09:56:17.099] ****************************************************************************************
[INFO] [09:56:17.100] ****************************************************************************************
[INFO] [09:56:17.100] $$$$$$$$$$$$$$$$$$   S-T-A-R-T T-E-S-T test_Check_Items_StreetAddress2      $$$$$$$$$$$$$$$$$$$$$$$$$
[INFO] [09:56:17.100] ****************************************************************************************
[INFO] [09:56:17.100] ****************************************************************************************
[INFO] [09:56:17.170] ****************************************************************************************
[INFO] [09:56:17.170] ****************************************************************************************
[INFO] [09:56:17.170] $$$$$$$$$$$$$$$$$$   S-T-A-R-T T-E-S-T test_Check_Items_City_Required      $$$$$$$$$$$$$$$$$$$$$$$$$
[INFO] [09:56:17.170] ****************************************************************************************
[INFO] [09:56:17.170] ****************************************************************************************
[INFO] [09:56:17.242] ****************************************************************************************
[INFO] [09:56:17.242] ****************************************************************************************
[INFO] [09:56:17.242] $$$$$$$$$$$$$$$$$$   S-T-A-R-T T-E-S-T test_Check_Items_State_Required_AND_Numner_Of_Items_In_List      $$$$$$$$$$$$$$$$$$$$$$$$$
[INFO] [09:56:17.242] ****************************************************************************************
[INFO] [09:56:17.243] ****************************************************************************************
[INFO] [09:57:08.143] ****************************************************************************************
[INFO] [09:57:08.143] ****************************************************************************************
[INFO] [09:57:08.143] $$$$$$$$$$$$$$$$$$   S-T-A-R-T T-E-S-T test_Check_Items_Email_Requied      $$$$$$$$$$$$$$$$$$$$$$$$$
[INFO] [09:57:08.143] ****************************************************************************************
[INFO] [09:57:08.143] ****************************************************************************************
[ERROR] [09:57:08.182] The Phone element did not exist or Text displays incorrect!
[INFO] [09:57:08.195] ****************************************************************************************
[INFO] [09:57:08.195] ****************************************************************************************
[INFO] [09:57:08.196] $$$$$$$$$$$$$$$$$$   S-T-A-R-T T-E-S-T test_Check_Items_Phone      $$$$$$$$$$$$$$$$$$$$$$$$$
[INFO] [09:57:08.196] ****************************************************************************************
[INFO] [09:57:08.196] ****************************************************************************************
[ERROR] [09:57:08.238] The Phone element did not exist or Text displays incorrect!
[INFO] [09:57:08.241] ****************************************************************************************
[INFO] [09:57:08.241] ****************************************************************************************
[INFO] [09:57:08.241] $$$$$$$$$$$$$$$$$$   S-T-A-R-T T-E-S-T test_Check_Items_ZipCode_Required      $$$$$$$$$$$$$$$$$$$$$$$$$
[INFO] [09:57:08.241] ****************************************************************************************
[INFO] [09:57:08.242] ****************************************************************************************
[INFO] [10:00:23.166] ****************************************************************************************
[INFO] [10:00:23.167] ****************************************************************************************
[INFO] [10:00:23.167] $$$$$$$$$$$$$$$$$$   S-T-A-R-T T-E-S-T test_Check_Items_FirstName_Required      $$$$$$$$$$$$$$$$$$$$$$$$$
[INFO] [10:00:23.167] ****************************************************************************************
[INFO] [10:00:23.168] ****************************************************************************************
[INFO] [10:00:23.232] ****************************************************************************************
[INFO] [10:00:23.232] ****************************************************************************************
[INFO] [10:00:23.232] $$$$$$$$$$$$$$$$$$   S-T-A-R-T T-E-S-T test_Check_Items_LastName_Required      $$$$$$$$$$$$$$$$$$$$$$$$$
[INFO] [10:00:23.232] ****************************************************************************************
[INFO] [10:00:23.233] ****************************************************************************************
[INFO] [10:00:23.291] ****************************************************************************************
[INFO] [10:00:23.291] ****************************************************************************************
[INFO] [10:00:23.291] $$$$$$$$$$$$$$$$$$   S-T-A-R-T T-E-S-T test_Check_Items_StreetAddress_Required      $$$$$$$$$$$$$$$$$$$$$$$$$
[INFO] [10:00:23.291] ****************************************************************************************
[INFO] [10:00:23.291] ****************************************************************************************
[INFO] [10:00:23.351] ****************************************************************************************
[INFO] [10:00:23.351] ****************************************************************************************
[INFO] [10:00:23.351] $$$$$$$$$$$$$$$$$$   S-T-A-R-T T-E-S-T test_Check_Items_StreetAddress2      $$$$$$$$$$$$$$$$$$$$$$$$$
[INFO] [10:00:23.351] ****************************************************************************************
[INFO] [10:00:23.351] ****************************************************************************************
[INFO] [10:00:23.407] ****************************************************************************************
[INFO] [10:00:23.408] ****************************************************************************************
[INFO] [10:00:23.408] $$$$$$$$$$$$$$$$$$   S-T-A-R-T T-E-S-T test_Check_Items_City_Required      $$$$$$$$$$$$$$$$$$$$$$$$$
[INFO] [10:00:23.408] ****************************************************************************************
[INFO] [10:00:23.408] ****************************************************************************************
[INFO] [10:00:23.480] ****************************************************************************************
[INFO] [10:00:23.480] ****************************************************************************************
[INFO] [10:00:23.480] $$$$$$$$$$$$$$$$$$   S-T-A-R-T T-E-S-T test_Check_Items_State_Required_AND_Numner_Of_Items_In_List      $$$$$$$$$$$$$$$$$$$$$$$$$
[INFO] [10:00:23.481] ****************************************************************************************
[INFO] [10:00:23.481] ****************************************************************************************
[INFO] [10:00:23.544] ****************************************************************************************
[INFO] [10:00:23.544] ****************************************************************************************
[INFO] [10:00:23.544] $$$$$$$$$$$$$$$$$$   S-T-A-R-T T-E-S-T test_Check_Items_ZipCode_Required      $$$$$$$$$$$$$$$$$$$$$$$$$
[INFO] [10:00:23.545] ****************************************************************************************
[INFO] [10:00:23.545] ****************************************************************************************
[INFO] [10:00:23.622] ****************************************************************************************
[INFO] [10:00:23.622] ****************************************************************************************
[INFO] [10:00:23.622] $$$$$$$$$$$$$$$$$$   S-T-A-R-T T-E-S-T test_Check_Items_Phone      $$$$$$$$$$$$$$$$$$$$$$$$$
[INFO] [10:00:23.622] ****************************************************************************************
[INFO] [10:00:23.622] ****************************************************************************************
[INFO] [10:00:23.675] ****************************************************************************************
[INFO] [10:00:23.676] ****************************************************************************************
[INFO] [10:00:23.676] $$$$$$$$$$$$$$$$$$   S-T-A-R-T T-E-S-T test_Check_Items_Email_Requied      $$$$$$$$$$$$$$$$$$$$$$$$$
[INFO] [10:00:23.676] ****************************************************************************************
[INFO] [10:00:23.676] ****************************************************************************************
[ERROR] [11:10:07.104] The Date of Demo element did not exist or Text displays incorrect!
[ERROR] [11:10:07.167] The Date of Demo element did not exist or Text displays incorrect!
[ERROR] [14:26:48.205] The Date of Demo element did not exist or Text displays incorrect!
[ERROR] [14:26:48.296] The Date of Demo element did not exist or Text displays incorrect!
[ERROR] [14:30:48.277] The Date of Demo element did not exist or Text displays incorrect!
[ERROR] [14:30:48.336] The Date of Demo element did not exist or Text displays incorrect!
[ERROR] [14:34:25.197] The Date of Demo element did not exist or Text displays incorrect!
[ERROR] [14:34:25.262] The Date of Demo element did not exist or Text displays incorrect!
[ERROR] [14:36:13.657] The Date of Demo element did not exist or Text displays incorrect!
[ERROR] [14:36:13.703] The Date of Demo element did not exist or Text displays incorrect!
[ERROR] [14:40:28.162] The Date of Demo element did not exist or Text displays incorrect!
[INFO] [15:45:04.253] ****************************************************************************************
[INFO] [15:45:04.255] ****************************************************************************************
[INFO] [15:45:04.255] $$$$$$$$$$$$$$$$$$   S-T-A-R-T T-E-S-T test_Check_All_Invalid_Submit      $$$$$$$$$$$$$$$$$$$$$$$$$
[INFO] [15:45:04.255] ****************************************************************************************
[INFO] [15:45:04.255] ****************************************************************************************
[INFO] [15:45:14.313] ****************************************************************************************
[INFO] [15:45:14.313] ****************************************************************************************
[INFO] [15:45:14.314] $$$$$$$$$$$$$$$$$$   S-T-A-R-T T-E-S-T test_Check_All_Required_Field      $$$$$$$$$$$$$$$$$$$$$$$$$
[INFO] [15:45:14.314] ****************************************************************************************
[INFO] [15:45:14.314] ****************************************************************************************
[INFO] [15:45:14.337] ****************************************************************************************
[INFO] [15:45:14.338] ****************************************************************************************
[INFO] [15:45:14.338] $$$$$$$$$$$$$$$$$$   S-T-A-R-T T-E-S-T test_Check_Calender_Popuped      $$$$$$$$$$$$$$$$$$$$$$$$$
[INFO] [15:45:14.338] ****************************************************************************************
[INFO] [15:45:14.338] ****************************************************************************************
[INFO] [15:45:14.566] ****************************************************************************************
[INFO] [15:45:14.566] ****************************************************************************************
[INFO] [15:45:14.566] $$$$$$$$$$$$$$$$$$   S-T-A-R-T T-E-S-T test_Check_Close_Calender      $$$$$$$$$$$$$$$$$$$$$$$$$
[INFO] [15:45:14.566] ****************************************************************************************
[INFO] [15:45:14.566] ****************************************************************************************
[ERROR] [15:45:14.722] The calender still open OR could not find calender dialog
[INFO] [15:47:34.974] ****************************************************************************************
[INFO] [15:47:34.975] ****************************************************************************************
[INFO] [15:47:34.975] $$$$$$$$$$$$$$$$$$   S-T-A-R-T T-E-S-T test_Check_All_Invalid_Submit      $$$$$$$$$$$$$$$$$$$$$$$$$
[INFO] [15:47:34.975] ****************************************************************************************
[INFO] [15:47:34.975] ****************************************************************************************
[INFO] [15:47:43.763] ****************************************************************************************
[INFO] [15:47:43.763] ****************************************************************************************
[INFO] [15:47:43.763] $$$$$$$$$$$$$$$$$$   S-T-A-R-T T-E-S-T test_Check_All_Required_Field      $$$$$$$$$$$$$$$$$$$$$$$$$
[INFO] [15:47:43.764] ****************************************************************************************
[INFO] [15:47:43.764] ****************************************************************************************
[INFO] [15:47:43.787] ****************************************************************************************
[INFO] [15:47:43.788] ****************************************************************************************
[INFO] [15:47:43.788] $$$$$$$$$$$$$$$$$$   S-T-A-R-T T-E-S-T test_Check_Calender_Popuped      $$$$$$$$$$$$$$$$$$$$$$$$$
[INFO] [15:47:43.788] ****************************************************************************************
[INFO] [15:47:43.788] ****************************************************************************************
[INFO] [15:47:43.961] ****************************************************************************************
[INFO] [15:47:43.961] ****************************************************************************************
[INFO] [15:47:43.961] $$$$$$$$$$$$$$$$$$   S-T-A-R-T T-E-S-T test_Check_Close_Calender      $$$$$$$$$$$$$$$$$$$$$$$$$
[INFO] [15:47:43.961] ****************************************************************************************
[INFO] [15:47:43.961] ****************************************************************************************
[INFO] [15:50:56.736] ****************************************************************************************
[INFO] [15:50:56.737] ****************************************************************************************
[INFO] [15:50:56.738] $$$$$$$$$$$$$$$$$$   S-T-A-R-T T-E-S-T test_Check_All_Invalid_Submit      $$$$$$$$$$$$$$$$$$$$$$$$$
[INFO] [15:50:56.738] ****************************************************************************************
[INFO] [15:50:56.738] ****************************************************************************************
[INFO] [15:51:06.307] ****************************************************************************************
[INFO] [15:51:06.307] ****************************************************************************************
[INFO] [15:51:06.307] $$$$$$$$$$$$$$$$$$   S-T-A-R-T T-E-S-T test_Check_All_Required_Field      $$$$$$$$$$$$$$$$$$$$$$$$$
[INFO] [15:51:06.307] ****************************************************************************************
[INFO] [15:51:06.307] ****************************************************************************************
[INFO] [15:51:06.326] ****************************************************************************************
[INFO] [15:51:06.326] ****************************************************************************************
[INFO] [15:51:06.326] $$$$$$$$$$$$$$$$$$   S-T-A-R-T T-E-S-T test_Check_Calender_Popuped      $$$$$$$$$$$$$$$$$$$$$$$$$
[INFO] [15:51:06.326] ****************************************************************************************
[INFO] [15:51:06.327] ****************************************************************************************
[INFO] [15:51:06.498] ****************************************************************************************
[INFO] [15:51:06.498] ****************************************************************************************
[INFO] [15:51:06.498] $$$$$$$$$$$$$$$$$$   S-T-A-R-T T-E-S-T test_Check_Close_Calender      $$$$$$$$$$$$$$$$$$$$$$$$$
[INFO] [15:51:06.498] ****************************************************************************************
[INFO] [15:51:06.498] ****************************************************************************************
[ERROR] [15:51:06.661] The calender still open OR could not find calender dialog
[INFO] [15:53:46.269] ****************************************************************************************
[INFO] [15:53:46.271] ****************************************************************************************
[INFO] [15:53:46.271] $$$$$$$$$$$$$$$$$$   S-T-A-R-T T-E-S-T test_Check_All_Invalid_Submit      $$$$$$$$$$$$$$$$$$$$$$$$$
[INFO] [15:53:46.271] ****************************************************************************************
[INFO] [15:53:46.271] ****************************************************************************************
[INFO] [15:53:56.219] ****************************************************************************************
[INFO] [15:53:56.219] ****************************************************************************************
[INFO] [15:53:56.219] $$$$$$$$$$$$$$$$$$   S-T-A-R-T T-E-S-T test_Check_All_Required_Field      $$$$$$$$$$$$$$$$$$$$$$$$$
[INFO] [15:53:56.219] ****************************************************************************************
[INFO] [15:53:56.219] ****************************************************************************************
[INFO] [15:53:56.238] ****************************************************************************************
[INFO] [15:53:56.238] ****************************************************************************************
[INFO] [15:53:56.238] $$$$$$$$$$$$$$$$$$   S-T-A-R-T T-E-S-T test_Check_Calender_Popuped      $$$$$$$$$$$$$$$$$$$$$$$$$
[INFO] [15:53:56.238] ****************************************************************************************
[INFO] [15:53:56.238] ****************************************************************************************
[INFO] [15:53:56.396] ****************************************************************************************
[INFO] [15:53:56.396] ****************************************************************************************
[INFO] [15:53:56.396] $$$$$$$$$$$$$$$$$$   S-T-A-R-T T-E-S-T test_Check_Close_Calender      $$$$$$$$$$$$$$$$$$$$$$$$$
[INFO] [15:53:56.396] ****************************************************************************************
[INFO] [15:53:56.396] ****************************************************************************************
